manch@manch:~ $ cd iot
manch@manch:~/iot $ cd *3
manch@manch:~/iot/lesson3 $ sudo pip3 install -U jdcal astral geopy
error: externally-managed-environment

× This environment is externally managed
╰─> To install Python packages system-wide, try apt install
    python3-xyz, where xyz is the package you are trying to
    install.
    
    If you wish to install a non-Debian-packaged Python package,
    create a virtual environment using python3 -m venv path/to/venv.
    Then use path/to/venv/bin/python and path/to/venv/bin/pip. Make
    sure you have python3-full installed.
    
    For more information visit http://rptl.io/venv

note: If you believe this is a mistake, please contact your Python installation or OS distribution provider. You can override this, at the risk of breaking your Python installation or OS, by passing --break-system-packages.
hint: See PEP 668 for the detailed specification.
manch@manch:~/iot/lesson3 $ python3 julian.py
Traceback (most recent call last):
  File "/home/manch/iot/lesson3/julian.py", line 2, in <module>
    from jdcal import *
ModuleNotFoundError: No module named 'jdcal'
manch@manch:~/iot/lesson3 $ 2to3 2example.py
bash: 2to3: command not found
manch@manch:~/iot/lesson3 $ ls
1-wire_bb.png     cpu.py               ldrtmp.py      socket_client.py
2example.py       date_example.py      led.py         socket_server.py
3example.py       datetime_example.py  manual.py      soil.py
accelerometer.py  documentstats.py     micropython    sound.py
ack_c.py          document.txt         moon.py        student.py
ack_r1.py         file.txt             morse_code.py  sun.py
ack_r2.py         hello_c.py           mq.py          sun_xidian.py
address.py        hello.py             no2co.py       system_info.py
auto.py           hello_r1.py          no2.py         temperature.py
battery.py        hello_r2.py          pyexample.py   test_email.py
blink.py          julian.py            pypy           time_example.py
coordinates.py    ldr_adc.py           README.md      touch.py
co.py             ldr_bb.png           servo1.py
covid             ldr_lux.py           servomotor.py
manch@manch:~/iot/lesson3 $ sudo pip3 install -U jdcal astral geopy
error: externally-managed-environment

× This environment is externally managed
╰─> To install Python packages system-wide, try apt install
    python3-xyz, where xyz is the package you are trying to
    install.
    
    If you wish to install a non-Debian-packaged Python package,
    create a virtual environment using python3 -m venv path/to/venv.
    Then use path/to/venv/bin/python and path/to/venv/bin/pip. Make
    sure you have python3-full installed.
    
    For more information visit http://rptl.io/venv

note: If you believe this is a mistake, please contact your Python installation or OS distribution provider. You can override this, at the risk of breaking your Python installation or OS, by passing --break-system-packages.
hint: See PEP 668 for the detailed specification.
manch@manch:~/iot/lesson3 $ pip instal

ERROR: unknown command "instal" - maybe you meant "install"
manch@manch:~/iot/lesson3 $ 
manch@manch:~/iot/lesson3 $ pip3 install -U jdcal astral geopy
error: externally-managed-environment

× This environment is externally managed
╰─> To install Python packages system-wide, try apt install
    python3-xyz, where xyz is the package you are trying to
    install.
    
    If you wish to install a non-Debian-packaged Python package,
    create a virtual environment using python3 -m venv path/to/venv.
    Then use path/to/venv/bin/python and path/to/venv/bin/pip. Make
    sure you have python3-full installed.
    
    For more information visit http://rptl.io/venv

note: If you believe this is a mistake, please contact your Python installation or OS distribution provider. You can override this, at the risk of breaking your Python installation or OS, by passing --break-system-packages.
hint: See PEP 668 for the detailed specification.
manch@manch:~/iot/lesson3 $ apt install python3.jdcal
E: Could not open lock file /var/lib/dpkg/lock-frontend - open (13: Permission denied)
E: Unable to acquire the dpkg frontend lock (/var/lib/dpkg/lock-frontend), are you root?
manch@manch:~/iot/lesson3 $ pip3 --break-system-packages

Usage:   
  pip3 <command> [options]

no such option: --break-system-packages
manch@manch:~/iot/lesson3 $ pip --break-system-packages

Usage:   
  pip <command> [options]

no such option: --break-system-packages
manch@manch:~/iot/lesson3 $ pip install jdcal --break-system-packages
Defaulting to user installation because normal site-packages is not writeable
Looking in indexes: https://pypi.org/simple, https://www.piwheels.org/simple
Collecting jdcal
  Downloading https://www.piwheels.org/simple/jdcal/jdcal-1.4.1-py2.py3-none-any.whl (9.5 kB)
Installing collected packages: jdcal
Successfully installed jdcal-1.4.1
manch@manch:~/iot/lesson3 $ pip install astral --break-system-packages
Defaulting to user installation because normal site-packages is not writeable
Looking in indexes: https://pypi.org/simple, https://www.piwheels.org/simple
Collecting astral
  Downloading https://www.piwheels.org/simple/astral/astral-3.2-py3-none-any.whl (38 kB)
Installing collected packages: astral
Successfully installed astral-3.2
manch@manch:~/iot/lesson3 $ pip install geopy --break-system-packages
Defaulting to user installation because normal site-packages is not writeable
Looking in indexes: https://pypi.org/simple, https://www.piwheels.org/simple
Collecting geopy
  Downloading https://www.piwheels.org/simple/geopy/geopy-2.4.1-py3-none-any.whl (114 kB)
     ━━━━━━━━━━━━━━━━━━━━━━━━━━━━━━━━━━━━━ 114.3/114.3 kB 515.1 kB/s eta 0:00:00
Collecting geographiclib<3,>=1.52
  Downloading https://www.piwheels.org/simple/geographiclib/geographiclib-2.0-py3-none-any.whl (40 kB)
     ━━━━━━━━━━━━━━━━━━━━━━━━━━━━━━━━━━━━━━━ 40.3/40.3 kB 713.7 kB/s eta 0:00:00
Installing collected packages: geographiclib, geopy
Successfully installed geographiclib-2.0 geopy-2.4.1
manch@manch:~/iot/lesson3 $ ls
1-wire_bb.png     cpu.py               ldrtmp.py      socket_client.py
2example.py       date_example.py      led.py         socket_server.py
3example.py       datetime_example.py  manual.py      soil.py
accelerometer.py  documentstats.py     micropython    sound.py
ack_c.py          document.txt         moon.py        student.py
ack_r1.py         file.txt             morse_code.py  sun.py
ack_r2.py         hello_c.py           mq.py          sun_xidian.py
address.py        hello.py             no2co.py       system_info.py
auto.py           hello_r1.py          no2.py         temperature.py
battery.py        hello_r2.py          pyexample.py   test_email.py
blink.py          julian.py            pypy           time_example.py
coordinates.py    ldr_adc.py           README.md      touch.py
co.py             ldr_bb.png           servo1.py
covid             ldr_lux.py           servomotor.py
manch@manch:~/iot/lesson3 $ python3 julian.py
Calendar Date: 2024-05-03
Julian Date: 2460433.5
Modified Julian Date: 60433.0
manch@manch:~/iot/lesson3 $ date_example.py
bash: date_example.py: command not found
manch@manch:~/iot/lesson3 $ python3 date_example.py
Date: 2024-05-03
Date: 05-03-24
Day of Week: Friday
Month: May
Year: 2024
107 days after the first day of classes
-1 days before the last day of classes
manch@manch:~/iot/lesson3 $ python3 datetime_example.py
2024-05-03 02:32:53.418462
2024-05-03 02:32:53.418743
2024-05-03 01:32:53.418827
1714699973.418859
Fri May  3 02:32:53 2024
2024-05-03 02:32:53.418995
2024-05-03 01:32:53.419023
manch@manch:~/iot/lesson3 $ python3 time_example.py
Fri May  3 02:33:01 2024
Fri May  3 02:33:11 2024
^Cmanch@manch:~/iot/lesson3 $ python3 time_example.py
Fri May  3 02:33:19 2024
Fri May  3 02:33:29 2024
Fri May  3 02:33:39 2024
Fri May  3 02:33:49 2024
Fri May  3 02:33:59 2024
Fri May  3 02:34:09 2024
Fri May  3 02:34:19 2024
Fri May  3 02:34:29 2024
Fri May  3 02:34:39 2024
^Cmanch@manch:~/iot/lesson3 $ python3 sun.py "New York"
Information for New York/USA

Timezone: US/Eastern
Latitude: 40.72; Longitude: -74.00

Dawn:    2024-05-03 05:21:10.917146-04:00
Sunrise: 2024-05-03 05:51:41.265582-04:00
Noon:    2024-05-03 12:52:53-04:00
Sunset:  2024-05-03 19:54:36.329365-04:00
Dusk:    2024-05-03 20:25:13.264405-04:00
manch@manch:~/iot/lesson3 $ python3 moon.py "New York"
2024-05-03 Moon Phase: 22
2024-05-04 Moon Phase: 24
2024-05-05 Moon Phase: 25
2024-05-06 Moon Phase: 26
2024-05-07 Moon Phase: 27
2024-05-08 Moon Phase: 0
2024-05-09 Moon Phase: 1
2024-05-10 Moon Phase: 2
2024-05-11 Moon Phase: 3
2024-05-12 Moon Phase: 4
2024-05-13 Moon Phase: 5
2024-05-14 Moon Phase: 6
2024-05-15 Moon Phase: 7
2024-05-16 Moon Phase: 7
2024-05-17 Moon Phase: 8
2024-05-18 Moon Phase: 9
2024-05-19 Moon Phase: 10
2024-05-20 Moon Phase: 11
2024-05-21 Moon Phase: 12
2024-05-22 Moon Phase: 13
2024-05-23 Moon Phase: 13
2024-05-24 Moon Phase: 14
2024-05-25 Moon Phase: 15
2024-05-26 Moon Phase: 16
2024-05-27 Moon Phase: 17
2024-05-28 Moon Phase: 18
2024-05-29 Moon Phase: 19
2024-05-30 Moon Phase: 20
2024-05-31 Moon Phase: 21
2024-06-01 Moon Phase: 22
manch@manch:~/iot/lesson3 $ python3 coordinates.py "Samuel C. Williams Library"
Samuel C. Williams Library, Field House Road, Uptown, Hoboken, Hudson County, New Jersey, 07030, United States
(40.74480675, -74.02532861159351)
manch@manch:~/iot/lesson3 $ python3 address.py "40.74480675, -74.025328611593512
> ^C
manch@manch:~/iot/lesson3 $ python3 address.py "40.74480675, -74.025328611593512"
Samuel C. Williams Library, Field House Road, Uptown, Hoboken, Hudson County, New Jersey, 07030, United States
(40.74480675, -74.02532861159351)
manch@manch:~/iot/lesson3 $ python3 cpu.py
The number of physical cores =  4
The number of logical CPUs =  4
The utilization per second as a percentage for each CPU
[1.0, 2.0, 1.0, 0.0]
[1.0, 2.0, 0.0, 0.0]
[1.0, 1.0, 0.0, 0.0]
[1.0, 2.0, 0.0, 1.0]
[1.0, 3.0, 0.0, 0.0]
[9.3, 3.1, 50.0, 2.0]
[1.0, 2.0, 35.9, 0.0]
[0.0, 2.0, 0.0, 0.0]
[0.0, 1.0, 0.0, 2.0]
[1.0, 1.0, 0.0, 1.0]
manch@manch:~/iot/lesson3 $ python3 battery.py
None
manch@manch:~/iot/lesson3 $ python3 documentstats.py document.txt
Word Count: 1343
Top Ten Words: [('our', 26), ('their', 20), ('has', 20), ('he', 19), ('them', 15), ('these', 13), ('have', 11), ('we', 11), ('us', 11), ('people', 10)]
manch@manch:~/iot/lesson3 $ ./ABC.sh$ > lab3_output.txt
bash: ./ABC.sh$: No such file or directory
manch@manch:~/iot/lesson3 $ cd
manch@manch:~ $ cd demo
manch@manch:~/demo $ ./ABC.sh$ > lab3_output.txt
bash: ./ABC.sh$: No such file or directory
manch@manch:~/demo $ ./ABC.sh& > lab3_output.txt
[1] 3615
manch@manch:~/demo $ bash: ./ABC.sh: No such file or directory
./ABC.sh& > lab3_outp./ABC.sh$ > lab3_output.txt
bash: ./ABC.sh$: No such file or directory
[1]+  Exit 127                ./ABC.sh
manch@manch:~/demo $ history
    1  hostname
    2  env
    3  ps
    4  pwd
    5  git clone https://gifhub.com/kevinwlu/iot.git
    6  git
    7  git add
    8  git clone https://gifhub.com/kevinwlu/iot.git
    9  cd iot
   10  ls
   11  cd
   12  df
   13  mkdir demo
   14  cd demo
   15  nano file
   16  cat file
   17  cp file
   18  cp file file1
   19  mv file file2
   20  rm file2#
   21  rm file2
   22  clear
   23  man uname
   24  uname -a
   25  ifconfig
   26  ping localhost
   27  netstat
   28  history
   29  history > Lab1.txt
   30  del
   31  delete
   32  ls
   33  cd
   34  ls
   35  cd iot
   36  cd
   37  cd demo
   38  ./ABC.sh$ > lab1_output.txt
   39  cd iot
   40  cd
   41  cd iot
   42  cd*3
   43  cd *3
   44  git clone http://github.com/kevinwlu/iot.git
   45  cd *3
   46  ls
   47  iot
   48  cd iot
   49  ls
   50  *3
   51  cd *3
   52  cd iot
   53  iot
   54  ls
   55  git clone https://github.com/kevinwlu/iot.git
   56  cd iot
   57  ls
   58  cd *3
   59  python3 julian.py
   60  pip3 list
   61  cd iot
   62  cd *3
   63  sudo pip3 install -U jdcal astral geopy
   64  python3 julian.py
   65  cd
   66  sudo pip3 install -U jdcal astral geopy
   67  sudo apt update
   68  sudo apt install python3-pip
   69  pip3 -V
   70  cd iot
   71  *3
   72  ls
   73  cd
   74  cd iot
   75  cd *3
   76  sudo pip3 install -U jdcal astral geopy
   77  python3 julian.py
   78  2to3 2example.py
   79  ls
   80  sudo pip3 install -U jdcal astral geopy
   81  pip instal
   82  pip3 install -U jdcal astral geopy
   83  apt install python3.jdcal
   84  pip3 --break-system-packages
   85  pip --break-system-packages
   86  pip install jdcal --break-system-packages
   87  pip install astral --break-system-packages
   88  pip install geopy --break-system-packages
   89  ls
   90  python3 julian.py
   91  date_example.py
   92  python3 date_example.py
   93  python3 datetime_example.py
   94  python3 time_example.py
   95  python3 sun.py "New York"
   96  python3 moon.py "New York"
   97  python3 coordinates.py "Samuel C. Williams Library"
   98  python3 address.py "40.74480675, -74.025328611593512
   99  python3 address.py "40.74480675, -74.025328611593512"
  100  python3 cpu.py
  101  python3 battery.py
  102  python3 documentstats.py document.txt
  103  ./ABC.sh$ > lab3_output.txt
  104  cd
  105  cd demo
  106  ./ABC.sh$ > lab3_output.txt
  107* 
  108  ./ABC.sh$ > lab3_output.txt
  109  history
manch@manch:~/demo $ 
