Windows PowerShell
Copyright (C) Microsoft Corporation. All rights reserved.

Install the latest PowerShell for new features and improvements! https://aka.ms/PSWindows

PS C:\Users\chris> git clone https://github.com/kevinwlu/dsd.git
Cloning into 'dsd'...
remote: Enumerating objects: 11390, done.
remote: Counting objects: 100% (2095/2095), done.
remote: Compressing objects: 100% (655/655), done.
remote: Total 11390 (delta 1080), reused 1987 (delta 1020), pack-reused 9295
Receiving objects: 100% (11390/11390), 40.26 MiB | 13.77 MiB/s, done.
Resolving deltas: 100% (7046/7046), done.
PS C:\Users\chris> mkdir vhdl


    Directory: C:\Users\chris


Mode                 LastWriteTime         Length Name
----                 -------------         ------ ----
d-----          5/6/2024  12:15 AM                vhdl


PS C:\Users\chris> cd vhdl
PS C:\Users\chris\vhdl> cp ~/dsd/ghdl/*vhdl .
PS C:\Users\chris\vhdl> ghdl -h
usage: C:\eda\ghdl\bin\ghdl.exe COMMAND [OPTIONS] ...
COMMAND is one of:
analyze [OPTS] FILEs
  Analyze one or multiple VHDL files
  aliases: -a, analyse
elaborate [OPTS] UNIT [ARCH]
  Elaborate design UNIT
  alias: -e
elab-run [OPTS] UNIT [ARCH] [RUNOPTS]
  Elaborate and run design UNIT
  aliases: --elab-run, -r, run
compile [OPTS] FILEs -e|-r UNIT [ARCH] [RUNOPTS]
  Compile, elaborate (and run) design UNIT
  alias: -c
make [OPTS] UNIT [ARCH]
  Make design UNIT
  alias: -m
gen-makefile [OPTS] UNIT [ARCH]
  Generate a Makefile for UNIT
  alias: --gen-makefile
disp-config
  Display tools path
  aliases: --disp-config, dispconfig, --dispconfig
run-help
  Display help for RUNOPTS options
  alias: --run-help
import [OPTS] FILEs
  Import units of FILEs
  alias: -i
syntax [OPTS] FILEs
  Check syntax of FILEs
  alias: -s
dir [LIBs]
  Display contents of the libraries
  alias: --dir
files FILEs
  Display units in FILES
  alias: -f
clean
  Remove generated files
  alias: --clean
remove
  Remove generated files and library file
  alias: --remove
copy
  Copy work library to current directory
  alias: --copy
disp-standard
  Disp std.standard in pseudo-vhdl
  alias: --disp-standard
elab-order [--libraries] [OPTS] UNIT [ARCH]
  Display ordered source files
  alias: --elab-order
find-top
  Display possible top entity in work library
  alias: --find-top
chop [OPTS] FILEs
  Chop FILEs
  alias: --chop
lines FILEs
  Precede line with its number
  alias: --lines
reprint [OPTS] FILEs
  Redisplay FILEs
  alias: --reprint
fmt [OPTS] FILEs
  Format FILEs
  alias: --format
compare-tokens [OPTS] REF FILEs
  Compare FILEs with REF
  alias: --compare-tokens
pp-html FILEs
  Pretty-print FILEs in HTML
  alias: --pp-html
xref-html FILEs
  Display FILEs in HTML with xrefs
  alias: --xref-html
xref FILEs
  Generate xrefs
  alias: --xref
--vpi-compile CMD ARGS
  Compile with VPI/VHPI include path
--vpi-link CMD ARGS
  Link with VPI/VHPI library
--vpi-cflags
  Display VPI/VHPI compile flags
--vpi-ldflags
  Display VPI/VHPI link flags
--vpi-include-dir
  Display VPI/VHPI include directory
--vpi-library-dir
  Display VPI/VHPI library directory
--vpi-library-dir-unix
  Display VPI/VHPI library directory (unix form)
file-to-xml FILEs
  Dump AST in XML
  alias: --file-to-xml
synth [FILES... -e] UNIT [ARCH]
  Synthesis from UNIT
  alias: --synth
--libghdl-name
  Display libghdl name
--libghdl-library-path
  Display libghdl library path
--libghdl-include-dir
  Display libghdl include directory
help [CMD]
  Display this help or [help on CMD]
  aliases: -h, --help
version
  Display ghdl version
  aliases: -v, --version
opts-help
  Display help for analyzer options
  alias: --options-help

To display the options of a GHDL program,
  run your program with the 'help' option.
Also see 'opts-help' for analyzer options.

Please, refer to the GHDL manual for more information.
Report issues on https://github.com/ghdl/ghdl
PS C:\Users\chris\vhdl> ghdl -v
GHDL 3.0.0 (2.0.0.r1417.g7de967c51) [Dunoon edition]
 Compiled with GNAT Version: 12.2.0
 mcode code generator
Written by Tristan Gingold.

Copyright (C) 2003 - 2023 Tristan Gingold.
GHDL is free software, covered by the GNU General Public License.  There is NO
warranty; not even for MERCHANTABILITY or FITNESS FOR A PARTICULAR PURPOSE.
PS C:\Users\chris\vhdl> ghdl -a hello.vhdl
PS C:\Users\chris\vhdl> ghdl -e hello_world
PS C:\Users\chris\vhdl> ghdl -r hello_world
Hello world!
PS C:\Users\chris\vhdl> hdl -a ha.vhdl
hdl : The term 'hdl' is not recognized as the name of a cmdlet, function, script file, or operable
program. Check the spelling of the name, or if a path was included, verify that the path is correct
and try again.
At line:1 char:1
+ hdl -a ha.vhdl
+ ~~~
    + CategoryInfo          : ObjectNotFound: (hdl:String) [], CommandNotFoundException
    + FullyQualifiedErrorId : CommandNotFoundException

PS C:\Users\chris\vhdl> ghdl -a ha.vhdl
PS C:\Users\chris\vhdl> ghdl -a ha_tb.vhdl
PS C:\Users\chris\vhdl> ghdl -e ha_tb
PS C:\Users\chris\vhdl> ghdl -r ha_tb --vcd=ha.vcd
ha_tb.vhdl:47:5:@5ns:(assertion error): Reached end of test
PS C:\Users\chris\vhdl> gtkwave ha.vcd
gtkwave : The term 'gtkwave' is not recognized as the name of a cmdlet, function, script file, or
operable program. Check the spelling of the name, or if a path was included, verify that the path is
correct and try again.
At line:1 char:1
+ gtkwave ha.vcd
+ ~~~~~~~
    + CategoryInfo          : ObjectNotFound: (gtkwave:String) [], CommandNotFoundException
    + FullyQualifiedErrorId : CommandNotFoundException

PS C:\Users\chris\vhdl> gtkwave ha.vcd
gtkwave : The term 'gtkwave' is not recognized as the name of a cmdlet, function, script file, or
operable program. Check the spelling of the name, or if a path was included, verify that the path is
correct and try again.
At line:1 char:1
+ gtkwave ha.vcd
+ ~~~~~~~
    + CategoryInfo          : ObjectNotFound: (gtkwave:String) [], CommandNotFoundException
    + FullyQualifiedErrorId : CommandNotFoundException

PS C:\Users\chris\vhdl> gtkwave64 ha.vcd
gtkwave64 : The term 'gtkwave64' is not recognized as the name of a cmdlet, function, script file,
or operable program. Check the spelling of the name, or if a path was included, verify that the path
is correct and try again.
At line:1 char:1
+ gtkwave64 ha.vcd
+ ~~~~~~~~~
    + CategoryInfo          : ObjectNotFound: (gtkwave64:String) [], CommandNotFoundException
    + FullyQualifiedErrorId : CommandNotFoundException

PS C:\Users\chris\vhdl>


New Terminal

Windows PowerShell
Copyright (C) Microsoft Corporation. All rights reserved.

Install the latest PowerShell for new features and improvements! https://aka.ms/PSWindows

PS C:\Users\chris> cd vhdl
PS C:\Users\chris\vhdl> gtkwave ha.vcd

GTKWave Analyzer v3.3.90 (w)1999-2018 BSI

[0] start time.
[5000000] end time.
WM Destroy
PS C:\Users\chris\vhdl> $ ghdl -a ha.vhdl
$ : The term '$' is not recognized as the name of a cmdlet, function, script file, or operable
program. Check the spelling of the name, or if a path was included, verify that the path is correct
and try again.
At line:1 char:1
+ $ ghdl -a ha.vhdl
+ ~
    + CategoryInfo          : ObjectNotFound: ($:String) [], CommandNotFoundException
    + FullyQualifiedErrorId : CommandNotFoundException

PS C:\Users\chris\vhdl> $ ghdl -a ha_tb.vhdl
$ : The term '$' is not recognized as the name of a cmdlet, function, script file, or operable
program. Check the spelling of the name, or if a path was included, verify that the path is correct
and try again.
At line:1 char:1
+ $ ghdl -a ha_tb.vhdl
+ ~
    + CategoryInfo          : ObjectNotFound: ($:String) [], CommandNotFoundException
    + FullyQualifiedErrorId : CommandNotFoundException

PS C:\Users\chris\vhdl> $ ghdl -e ha_tb
$ : The term '$' is not recognized as the name of a cmdlet, function, script file, or operable
program. Check the spelling of the name, or if a path was included, verify that the path is correct
and try again.
At line:1 char:1
+ $ ghdl -e ha_tb
+ ~
    + CategoryInfo          : ObjectNotFound: ($:String) [], CommandNotFoundException
    + FullyQualifiedErrorId : CommandNotFoundException

PS C:\Users\chris\vhdl> ghdl -a ha.vhdl
PS C:\Users\chris\vhdl> ghdl -a ha_tb.vhdl
PS C:\Users\chris\vhdl> ghdl -e ha_tb
PS C:\Users\chris\vhdl> ghdl -r ha_tb --vcd=ha.vcd
ha_tb.vhdl:47:5:@5ns:(assertion error): Reached end of test
PS C:\Users\chris\vhdl> gtkwave ha.vcd

GTKWave Analyzer v3.3.90 (w)1999-2018 BSI

[0] start time.
[5000000] end time.
PS C:\Users\chris\vhdl> hdl -a adder.vhdl
hdl : The term 'hdl' is not recognized as the name of a cmdlet, function, script file, or operable
program. Check the spelling of the name, or if a path was included, verify that the path is correct
and try again.
At line:1 char:1
+ hdl -a adder.vhdl
+ ~~~
    + CategoryInfo          : ObjectNotFound: (hdl:String) [], CommandNotFoundException
    + FullyQualifiedErrorId : CommandNotFoundException

PS C:\Users\chris\vhdl> ghdl -a adder.vhdl
PS C:\Users\chris\vhdl> ghdl -a adder_tb.vhdl
PS C:\Users\chris\vhdl> ghdl -e adder_tb
PS C:\Users\chris\vhdl> ghdl -r adder_tb --vcd=adder.vcd
adder_tb.vhdl:54:5:@8ns:(assertion note): end of test
PS C:\Users\chris\vhdl> gtkwave adder.vcd

GTKWave Analyzer v3.3.90 (w)1999-2018 BSI

[0] start time.
[8000000] end time.
PS C:\Users\chris\vhdl> ghdl -a dff.vhdl
PS C:\Users\chris\vhdl> ghdl -a dff_tb.vhdl
PS C:\Users\chris\vhdl> ghdl -e dff_tb
PS C:\Users\chris\vhdl> ghdl -r dff_tb --vcd=dff.vcd
PS C:\Users\chris\vhdl> gtkwave dff.vcd

GTKWave Analyzer v3.3.90 (w)1999-2018 BSI

[0] start time.
[210000000] end time.
PS C:\Users\chris\vhdl> ghdl -a --ieee=synopsys sqrt8.vhdl
sqrt8.vhdl:95:19:warning: declaration of "p" hides signal "p" [-Whide]
  procedure print(P : std_logic_vector(7 downto 0);
                  ^
sqrt8.vhdl:96:19:warning: declaration of "u" hides signal "u" [-Whide]
                  U : std_logic_vector(3 downto 0)) is
                  ^
PS C:\Users\chris\vhdl> ghdl -e --ieee=synopsys sqrt8
PS C:\Users\chris\vhdl> ghdl -r --ieee=synopsys sqrt8 --stop-time=512ns > sqrt8.out
PS C:\Users\chris\vhdl> cat sqrt8.out
sqrt( 00000000 )= 0000
sqrt( 00000001 )= 0001
sqrt( 00000010 )= 0001
sqrt( 00000011 )= 0001
sqrt( 00000100 )= 0010
sqrt( 00000101 )= 0010
sqrt( 00000110 )= 0010
sqrt( 00000111 )= 0010
sqrt( 00001000 )= 0010
sqrt( 00001001 )= 0011
sqrt( 00001010 )= 0011
sqrt( 00001011 )= 0011
sqrt( 00001100 )= 0011
sqrt( 00001101 )= 0011
sqrt( 00001110 )= 0011
sqrt( 00001111 )= 0011
sqrt( 00010000 )= 0100
sqrt( 00010001 )= 0100
sqrt( 00010010 )= 0100
sqrt( 00010011 )= 0100
sqrt( 00010100 )= 0100
sqrt( 00010101 )= 0100
sqrt( 00010110 )= 0100
sqrt( 00010111 )= 0100
sqrt( 00011000 )= 0100
sqrt( 00011001 )= 0101
sqrt( 00011010 )= 0101
sqrt( 00011011 )= 0101
sqrt( 00011100 )= 0101
sqrt( 00011101 )= 0101
sqrt( 00011110 )= 0101
sqrt( 00011111 )= 0101
sqrt( 00100000 )= 0101
sqrt( 00100001 )= 0101
sqrt( 00100010 )= 0101
sqrt( 00100011 )= 0101
sqrt( 00100100 )= 0110
sqrt( 00100101 )= 0110
sqrt( 00100110 )= 0110
sqrt( 00100111 )= 0110
sqrt( 00101000 )= 0110
sqrt( 00101001 )= 0110
sqrt( 00101010 )= 0110
sqrt( 00101011 )= 0110
sqrt( 00101100 )= 0110
sqrt( 00101101 )= 0110
sqrt( 00101110 )= 0110
sqrt( 00101111 )= 0110
sqrt( 00110000 )= 0110
sqrt( 00110001 )= 0111
sqrt( 00110010 )= 0111
sqrt( 00110011 )= 0111
sqrt( 00110100 )= 0111
sqrt( 00110101 )= 0111
sqrt( 00110110 )= 0111
sqrt( 00110111 )= 0111
sqrt( 00111000 )= 0111
sqrt( 00111001 )= 0111
sqrt( 00111010 )= 0111
sqrt( 00111011 )= 0111
sqrt( 00111100 )= 0111
sqrt( 00111101 )= 0111
sqrt( 00111110 )= 0111
sqrt( 00111111 )= 0111
sqrt( 01000000 )= 1000
sqrt( 01000001 )= 1000
sqrt( 01000010 )= 1000
sqrt( 01000011 )= 1000
sqrt( 01000100 )= 1000
sqrt( 01000101 )= 1000
sqrt( 01000110 )= 1000
sqrt( 01000111 )= 1000
sqrt( 01001000 )= 1000
sqrt( 01001001 )= 1000
sqrt( 01001010 )= 1000
sqrt( 01001011 )= 1000
sqrt( 01001100 )= 1000
sqrt( 01001101 )= 1000
sqrt( 01001110 )= 1000
sqrt( 01001111 )= 1000
sqrt( 01010000 )= 1000
sqrt( 01010001 )= 1001
sqrt( 01010010 )= 1001
sqrt( 01010011 )= 1001
sqrt( 01010100 )= 1001
sqrt( 01010101 )= 1001
sqrt( 01010110 )= 1001
sqrt( 01010111 )= 1001
sqrt( 01011000 )= 1001
sqrt( 01011001 )= 1001
sqrt( 01011010 )= 1001
sqrt( 01011011 )= 1001
sqrt( 01011100 )= 1001
sqrt( 01011101 )= 1001
sqrt( 01011110 )= 1001
sqrt( 01011111 )= 1001
sqrt( 01100000 )= 1001
sqrt( 01100001 )= 1001
sqrt( 01100010 )= 1001
sqrt( 01100011 )= 1001
sqrt( 01100100 )= 1010
sqrt( 01100101 )= 1010
sqrt( 01100110 )= 1010
sqrt( 01100111 )= 1010
sqrt( 01101000 )= 1010
sqrt( 01101001 )= 1010
sqrt( 01101010 )= 1010
sqrt( 01101011 )= 1010
sqrt( 01101100 )= 1010
sqrt( 01101101 )= 1010
sqrt( 01101110 )= 1010
sqrt( 01101111 )= 1010
sqrt( 01110000 )= 1010
sqrt( 01110001 )= 1010
sqrt( 01110010 )= 1010
sqrt( 01110011 )= 1010
sqrt( 01110100 )= 1010
sqrt( 01110101 )= 1010
sqrt( 01110110 )= 1010
sqrt( 01110111 )= 1010
sqrt( 01111000 )= 1010
sqrt( 01111001 )= 1011
sqrt( 01111010 )= 1011
sqrt( 01111011 )= 1011
sqrt( 01111100 )= 1011
sqrt( 01111101 )= 1011
sqrt( 01111110 )= 1011
sqrt( 01111111 )= 1011
sqrt( 10000000 )= 1011
sqrt( 10000001 )= 1011
sqrt( 10000010 )= 1011
sqrt( 10000011 )= 1011
sqrt( 10000100 )= 1011
sqrt( 10000101 )= 1011
sqrt( 10000110 )= 1011
sqrt( 10000111 )= 1011
sqrt( 10001000 )= 1011
sqrt( 10001001 )= 1011
sqrt( 10001010 )= 1011
sqrt( 10001011 )= 1011
sqrt( 10001100 )= 1011
sqrt( 10001101 )= 1011
sqrt( 10001110 )= 1011
sqrt( 10001111 )= 1011
sqrt( 10010000 )= 1100
sqrt( 10010001 )= 1100
sqrt( 10010010 )= 1100
sqrt( 10010011 )= 1100
sqrt( 10010100 )= 1100
sqrt( 10010101 )= 1100
sqrt( 10010110 )= 1100
sqrt( 10010111 )= 1100
sqrt( 10011000 )= 1100
sqrt( 10011001 )= 1100
sqrt( 10011010 )= 1100
sqrt( 10011011 )= 1100
sqrt( 10011100 )= 1100
sqrt( 10011101 )= 1100
sqrt( 10011110 )= 1100
sqrt( 10011111 )= 1100
sqrt( 10100000 )= 1100
sqrt( 10100001 )= 1100
sqrt( 10100010 )= 1100
sqrt( 10100011 )= 1100
sqrt( 10100100 )= 1100
sqrt( 10100101 )= 1100
sqrt( 10100110 )= 1100
sqrt( 10100111 )= 1100
sqrt( 10101000 )= 1100
sqrt( 10101001 )= 1101
sqrt( 10101010 )= 1101
sqrt( 10101011 )= 1101
sqrt( 10101100 )= 1101
sqrt( 10101101 )= 1101
sqrt( 10101110 )= 1101
sqrt( 10101111 )= 1101
sqrt( 10110000 )= 1101
sqrt( 10110001 )= 1101
sqrt( 10110010 )= 1101
sqrt( 10110011 )= 1101
sqrt( 10110100 )= 1101
sqrt( 10110101 )= 1101
sqrt( 10110110 )= 1101
sqrt( 10110111 )= 1101
sqrt( 10111000 )= 1101
sqrt( 10111001 )= 1101
sqrt( 10111010 )= 1101
sqrt( 10111011 )= 1101
sqrt( 10111100 )= 1101
sqrt( 10111101 )= 1101
sqrt( 10111110 )= 1101
sqrt( 10111111 )= 1101
sqrt( 11000000 )= 1101
sqrt( 11000001 )= 1101
sqrt( 11000010 )= 1101
sqrt( 11000011 )= 1101
sqrt( 11000100 )= 1110
sqrt( 11000101 )= 1110
sqrt( 11000110 )= 1110
sqrt( 11000111 )= 1110
sqrt( 11001000 )= 1110
sqrt( 11001001 )= 1110
sqrt( 11001010 )= 1110
sqrt( 11001011 )= 1110
sqrt( 11001100 )= 1110
sqrt( 11001101 )= 1110
sqrt( 11001110 )= 1110
sqrt( 11001111 )= 1110
sqrt( 11010000 )= 1110
sqrt( 11010001 )= 1110
sqrt( 11010010 )= 1110
sqrt( 11010011 )= 1110
sqrt( 11010100 )= 1110
sqrt( 11010101 )= 1110
sqrt( 11010110 )= 1110
sqrt( 11010111 )= 1110
sqrt( 11011000 )= 1110
sqrt( 11011001 )= 1110
sqrt( 11011010 )= 1110
sqrt( 11011011 )= 1110
sqrt( 11011100 )= 1110
sqrt( 11011101 )= 1110
sqrt( 11011110 )= 1110
sqrt( 11011111 )= 1110
sqrt( 11100000 )= 1110
sqrt( 11100001 )= 1111
sqrt( 11100010 )= 1111
sqrt( 11100011 )= 1111
sqrt( 11100100 )= 1111
sqrt( 11100101 )= 1111
sqrt( 11100110 )= 1111
sqrt( 11100111 )= 1111
sqrt( 11101000 )= 1111
sqrt( 11101001 )= 1111
sqrt( 11101010 )= 1111
sqrt( 11101011 )= 1111
sqrt( 11101100 )= 1111
sqrt( 11101101 )= 1111
sqrt( 11101110 )= 1111
sqrt( 11101111 )= 1111
sqrt( 11110000 )= 1111
sqrt( 11110001 )= 1111
sqrt( 11110010 )= 1111
sqrt( 11110011 )= 1111
sqrt( 11110100 )= 1111
sqrt( 11110101 )= 1111
sqrt( 11110110 )= 1111
sqrt( 11110111 )= 1111
sqrt( 11111000 )= 1111
sqrt( 11111001 )= 1111
sqrt( 11111010 )= 1111
sqrt( 11111011 )= 1111
sqrt( 11111100 )= 1111
sqrt( 11111101 )= 1111
sqrt( 11111110 )= 1111
sqrt( 11111111 )= 1111
C:\eda\ghdl\bin\ghdl.exe:info: simulation stopped by --stop-time @512ns
PS C:\Users\chris\vhdl> ghdl -r --ieee=synopsys sqrt8 --stop-time=512ns --vcd=sqrt8.vcd
sqrt( 00000000 )= 0000
sqrt( 00000001 )= 0001
sqrt( 00000010 )= 0001
sqrt( 00000011 )= 0001
sqrt( 00000100 )= 0010
sqrt( 00000101 )= 0010
sqrt( 00000110 )= 0010
sqrt( 00000111 )= 0010
sqrt( 00001000 )= 0010
sqrt( 00001001 )= 0011
sqrt( 00001010 )= 0011
sqrt( 00001011 )= 0011
sqrt( 00001100 )= 0011
sqrt( 00001101 )= 0011
sqrt( 00001110 )= 0011
sqrt( 00001111 )= 0011
sqrt( 00010000 )= 0100
sqrt( 00010001 )= 0100
sqrt( 00010010 )= 0100
sqrt( 00010011 )= 0100
sqrt( 00010100 )= 0100
sqrt( 00010101 )= 0100
sqrt( 00010110 )= 0100
sqrt( 00010111 )= 0100
sqrt( 00011000 )= 0100
sqrt( 00011001 )= 0101
sqrt( 00011010 )= 0101
sqrt( 00011011 )= 0101
sqrt( 00011100 )= 0101
sqrt( 00011101 )= 0101
sqrt( 00011110 )= 0101
sqrt( 00011111 )= 0101
sqrt( 00100000 )= 0101
sqrt( 00100001 )= 0101
sqrt( 00100010 )= 0101
sqrt( 00100011 )= 0101
sqrt( 00100100 )= 0110
sqrt( 00100101 )= 0110
sqrt( 00100110 )= 0110
sqrt( 00100111 )= 0110
sqrt( 00101000 )= 0110
sqrt( 00101001 )= 0110
sqrt( 00101010 )= 0110
sqrt( 00101011 )= 0110
sqrt( 00101100 )= 0110
sqrt( 00101101 )= 0110
sqrt( 00101110 )= 0110
sqrt( 00101111 )= 0110
sqrt( 00110000 )= 0110
sqrt( 00110001 )= 0111
sqrt( 00110010 )= 0111
sqrt( 00110011 )= 0111
sqrt( 00110100 )= 0111
sqrt( 00110101 )= 0111
sqrt( 00110110 )= 0111
sqrt( 00110111 )= 0111
sqrt( 00111000 )= 0111
sqrt( 00111001 )= 0111
sqrt( 00111010 )= 0111
sqrt( 00111011 )= 0111
sqrt( 00111100 )= 0111
sqrt( 00111101 )= 0111
sqrt( 00111110 )= 0111
sqrt( 00111111 )= 0111
sqrt( 01000000 )= 1000
sqrt( 01000001 )= 1000
sqrt( 01000010 )= 1000
sqrt( 01000011 )= 1000
sqrt( 01000100 )= 1000
sqrt( 01000101 )= 1000
sqrt( 01000110 )= 1000
sqrt( 01000111 )= 1000
sqrt( 01001000 )= 1000
sqrt( 01001001 )= 1000
sqrt( 01001010 )= 1000
sqrt( 01001011 )= 1000
sqrt( 01001100 )= 1000
sqrt( 01001101 )= 1000
sqrt( 01001110 )= 1000
sqrt( 01001111 )= 1000
sqrt( 01010000 )= 1000
sqrt( 01010001 )= 1001
sqrt( 01010010 )= 1001
sqrt( 01010011 )= 1001
sqrt( 01010100 )= 1001
sqrt( 01010101 )= 1001
sqrt( 01010110 )= 1001
sqrt( 01010111 )= 1001
sqrt( 01011000 )= 1001
sqrt( 01011001 )= 1001
sqrt( 01011010 )= 1001
sqrt( 01011011 )= 1001
sqrt( 01011100 )= 1001
sqrt( 01011101 )= 1001
sqrt( 01011110 )= 1001
sqrt( 01011111 )= 1001
sqrt( 01100000 )= 1001
sqrt( 01100001 )= 1001
sqrt( 01100010 )= 1001
sqrt( 01100011 )= 1001
sqrt( 01100100 )= 1010
sqrt( 01100101 )= 1010
sqrt( 01100110 )= 1010
sqrt( 01100111 )= 1010
sqrt( 01101000 )= 1010
sqrt( 01101001 )= 1010
sqrt( 01101010 )= 1010
sqrt( 01101011 )= 1010
sqrt( 01101100 )= 1010
sqrt( 01101101 )= 1010
sqrt( 01101110 )= 1010
sqrt( 01101111 )= 1010
sqrt( 01110000 )= 1010
sqrt( 01110001 )= 1010
sqrt( 01110010 )= 1010
sqrt( 01110011 )= 1010
sqrt( 01110100 )= 1010
sqrt( 01110101 )= 1010
sqrt( 01110110 )= 1010
sqrt( 01110111 )= 1010
sqrt( 01111000 )= 1010
sqrt( 01111001 )= 1011
sqrt( 01111010 )= 1011
sqrt( 01111011 )= 1011
sqrt( 01111100 )= 1011
sqrt( 01111101 )= 1011
sqrt( 01111110 )= 1011
sqrt( 01111111 )= 1011
sqrt( 10000000 )= 1011
sqrt( 10000001 )= 1011
sqrt( 10000010 )= 1011
sqrt( 10000011 )= 1011
sqrt( 10000100 )= 1011
sqrt( 10000101 )= 1011
sqrt( 10000110 )= 1011
sqrt( 10000111 )= 1011
sqrt( 10001000 )= 1011
sqrt( 10001001 )= 1011
sqrt( 10001010 )= 1011
sqrt( 10001011 )= 1011
sqrt( 10001100 )= 1011
sqrt( 10001101 )= 1011
sqrt( 10001110 )= 1011
sqrt( 10001111 )= 1011
sqrt( 10010000 )= 1100
sqrt( 10010001 )= 1100
sqrt( 10010010 )= 1100
sqrt( 10010011 )= 1100
sqrt( 10010100 )= 1100
sqrt( 10010101 )= 1100
sqrt( 10010110 )= 1100
sqrt( 10010111 )= 1100
sqrt( 10011000 )= 1100
sqrt( 10011001 )= 1100
sqrt( 10011010 )= 1100
sqrt( 10011011 )= 1100
sqrt( 10011100 )= 1100
sqrt( 10011101 )= 1100
sqrt( 10011110 )= 1100
sqrt( 10011111 )= 1100
sqrt( 10100000 )= 1100
sqrt( 10100001 )= 1100
sqrt( 10100010 )= 1100
sqrt( 10100011 )= 1100
sqrt( 10100100 )= 1100
sqrt( 10100101 )= 1100
sqrt( 10100110 )= 1100
sqrt( 10100111 )= 1100
sqrt( 10101000 )= 1100
sqrt( 10101001 )= 1101
sqrt( 10101010 )= 1101
sqrt( 10101011 )= 1101
sqrt( 10101100 )= 1101
sqrt( 10101101 )= 1101
sqrt( 10101110 )= 1101
sqrt( 10101111 )= 1101
sqrt( 10110000 )= 1101
sqrt( 10110001 )= 1101
sqrt( 10110010 )= 1101
sqrt( 10110011 )= 1101
sqrt( 10110100 )= 1101
sqrt( 10110101 )= 1101
sqrt( 10110110 )= 1101
sqrt( 10110111 )= 1101
sqrt( 10111000 )= 1101
sqrt( 10111001 )= 1101
sqrt( 10111010 )= 1101
sqrt( 10111011 )= 1101
sqrt( 10111100 )= 1101
sqrt( 10111101 )= 1101
sqrt( 10111110 )= 1101
sqrt( 10111111 )= 1101
sqrt( 11000000 )= 1101
sqrt( 11000001 )= 1101
sqrt( 11000010 )= 1101
sqrt( 11000011 )= 1101
sqrt( 11000100 )= 1110
sqrt( 11000101 )= 1110
sqrt( 11000110 )= 1110
sqrt( 11000111 )= 1110
sqrt( 11001000 )= 1110
sqrt( 11001001 )= 1110
sqrt( 11001010 )= 1110
sqrt( 11001011 )= 1110
sqrt( 11001100 )= 1110
sqrt( 11001101 )= 1110
sqrt( 11001110 )= 1110
sqrt( 11001111 )= 1110
sqrt( 11010000 )= 1110
sqrt( 11010001 )= 1110
sqrt( 11010010 )= 1110
sqrt( 11010011 )= 1110
sqrt( 11010100 )= 1110
sqrt( 11010101 )= 1110
sqrt( 11010110 )= 1110
sqrt( 11010111 )= 1110
sqrt( 11011000 )= 1110
sqrt( 11011001 )= 1110
sqrt( 11011010 )= 1110
sqrt( 11011011 )= 1110
sqrt( 11011100 )= 1110
sqrt( 11011101 )= 1110
sqrt( 11011110 )= 1110
sqrt( 11011111 )= 1110
sqrt( 11100000 )= 1110
sqrt( 11100001 )= 1111
sqrt( 11100010 )= 1111
sqrt( 11100011 )= 1111
sqrt( 11100100 )= 1111
sqrt( 11100101 )= 1111
sqrt( 11100110 )= 1111
sqrt( 11100111 )= 1111
sqrt( 11101000 )= 1111
sqrt( 11101001 )= 1111
sqrt( 11101010 )= 1111
sqrt( 11101011 )= 1111
sqrt( 11101100 )= 1111
sqrt( 11101101 )= 1111
sqrt( 11101110 )= 1111
sqrt( 11101111 )= 1111
sqrt( 11110000 )= 1111
sqrt( 11110001 )= 1111
sqrt( 11110010 )= 1111
sqrt( 11110011 )= 1111
sqrt( 11110100 )= 1111
sqrt( 11110101 )= 1111
sqrt( 11110110 )= 1111
sqrt( 11110111 )= 1111
sqrt( 11111000 )= 1111
sqrt( 11111001 )= 1111
sqrt( 11111010 )= 1111
sqrt( 11111011 )= 1111
sqrt( 11111100 )= 1111
sqrt( 11111101 )= 1111
sqrt( 11111110 )= 1111
sqrt( 11111111 )= 1111
C:\eda\ghdl\bin\ghdl.exe:info: simulation stopped by --stop-time @512ns
PS C:\Users\chris\vhdl> ghdl -a --ieee=synopsys sr_ff.vhdl
PS C:\Users\chris\vhdl> ghdl -a --ieee=synopsys sr_ff_tb.vhdl
PS C:\Users\chris\vhdl> ghdl -e --ieee=synopsys sr_ff_tb
PS C:\Users\chris\vhdl> ghdl -r --ieee=synopsys sr_ff_tb --stop-time=100ns --vcd=sr_ff.vcd
C:\eda\ghdl\bin\ghdl.exe:info: simulation stopped by --stop-time @100ns
PS C:\Users\chris\vhdl>
